<?xml version='1.0' encoding='ISO-8859-1'?>
<ast>
 <declarations>
  <instance accessibility="0" class="Synopsis.AST.Function" file="Parsers/Cxx/input/try.cc" language="C++" line="1" name="func()" realname="func" type="function">
   <returnType>
    <instance class="Synopsis.Type.Base" language="C++" name="void"/>
   </returnType>
  </instance>
 </declarations>
 <types>
  <instance class="Synopsis.Type.Declared" language="C++" name="func()">
   <declaration/>
  </instance>
 </types>
 <files>
  <file>
   Parsers/Cxx/input/try.cc
  </file>
 </files>
</ast>
