<?xml version='1.0' encoding='ISO-8859-1'?>
<ast>
 <declarations>
  <instance accessibility="0" class="Synopsis.AST.Module" file="Parsers/Cxx/input/using.cc" language="C++" line="0" name="Foo" type="namespace">
   <declarations>
    <instance accessibility="0" class="Synopsis.AST.Variable" constr="0" file="Parsers/Cxx/input/using.cc" language="C++" line="3" name="Foo.x" type="namespace variable">
     <vtype>
      <instance class="Synopsis.Type.Base" language="C++" name="int"/>
     </vtype>
    </instance>
    <instance accessibility="0" class="Synopsis.AST.Builtin" file="Parsers/Cxx/input/using.cc" language="C++" line="3" name="EOS" type="EOS"/>
   </declarations>
  </instance>
  <instance accessibility="0" class="Synopsis.AST.Function" file="Parsers/Cxx/input/using.cc" language="C++" line="6" name="func()" realname="func" type="function">
   <returnType>
    <instance class="Synopsis.Type.Base" language="C++" name="void"/>
   </returnType>
  </instance>
  <instance accessibility="0" class="Synopsis.AST.Function" file="Parsers/Cxx/input/using.cc" language="C++" line="12" name="func2()" realname="func2" type="function">
   <returnType/>
  </instance>
  <instance accessibility="0" class="Synopsis.AST.Function" file="Parsers/Cxx/input/using.cc" language="C++" line="18" name="func3()" realname="func3" type="function">
   <returnType/>
  </instance>
  <instance accessibility="0" class="Synopsis.AST.Function" file="Parsers/Cxx/input/using.cc" language="C++" line="23" name="func4()" realname="func4" type="function">
   <returnType/>
  </instance>
 </declarations>
 <types>
  <instance class="Synopsis.Type.Declared" language="C++" name="EOS">
   <declaration/>
  </instance>
  <instance class="Synopsis.Type.Declared" language="C++" name="Foo">
   <declaration/>
  </instance>
  <instance class="Synopsis.Type.Declared" language="C++" name="Foo.x">
   <declaration/>
  </instance>
  <instance class="Synopsis.Type.Declared" language="C++" name="func()">
   <declaration/>
  </instance>
  <instance class="Synopsis.Type.Declared" language="C++" name="func2()">
   <declaration/>
  </instance>
  <instance class="Synopsis.Type.Declared" language="C++" name="func3()">
   <declaration/>
  </instance>
  <instance class="Synopsis.Type.Declared" language="C++" name="func4()">
   <declaration/>
  </instance>
 </types>
 <files>
  <file>
   Parsers/Cxx/input/using.cc
  </file>
 </files>
</ast>
