=== test1 ===
hello world
=== test2 ===
hello world
=== test3 ===
()
{}
('first', 'second', 'third')
{}
('first', 'second', 'third')
{'input': 'foo.h', 'output': 'foo.i'}
hello world
