['a', 1, 'hello', 'world']
[1, 'a', 'hello', 'world']
['world', 'hello', 'a', 1]
world
world
hello
a
1
