q
q
hello world
hello world
42
42
object not an integer
