ClassSpec : X
declared at line 1 in <input>
Declarator : x1
declared at line 2 in <input>
Type : X
declared at line 1 in <input>
Declarator : x2
declared at line 3 in <input>
