ClassSpec : A
declared at line 1 in <input>
Declarator : n
declared at line 4 in <input>
Declarator : main
declared at line 7 in <input>
Declarator : A
declared at line 9 in <input>
Name : A::n
declared at line 4 in <input>
Type : A
only non-types found
declared at line 9 in <input>
Declarator : b
declared at line 11 in <input>
