Undefined symbol : A::f1 at <input>:9
Undefined symbol : A::f1 at <input>:9
