Namespace : A
declared at line 1 in <input>
Declarator : a
declared at line 3 in <input>
Namespace : B
declared at line 5 in <input>
Name : A
declared at line 1 in <input>
Namespace : C
declared at line 9 in <input>
Name : A
declared at line 1 in <input>
Namespace : BC
declared at line 13 in <input>
Name : B
declared at line 5 in <input>
Name : C
declared at line 9 in <input>
Declarator : f
declared at line 18 in <input>
Name : BC::a
declared at line 3 in <input>
Namespace : D
declared at line 22 in <input>
Name : A::a
declared at line 3 in <input>
Namespace : BD
declared at line 26 in <input>
Name : B
declared at line 5 in <input>
Name : D
declared at line 22 in <input>
Declarator : g
declared at line 32 in <input>
Name : BD::a
declared at line 3 in <input>
