Namespace : A
declared at line 1 in <input>
Namespace : N
declared at line 3 in <input>
Declarator : f
declared at line 8 in <input>
Declarator : A::N::f
declared at line 8 in <input>
Declarator : i
declared at line 10 in <input>
Identifier : i
declared at line 10 in <input>
