Namespace : A
declared at line 1 in <input>
Namespace : N
declared at line 3 in <input>
Declarator : f
declared at line 11 in <input>
Declarator : i
declared at line 9 in <input>
Declarator : A::N::f
declared at line 11 in <input>
Identifier : i
declared at line 9 in <input>
