<?xml version='1.0' encoding='ISO-8859-1'?>
<ast>
 <declarations>
  <instance accessibility="0" class="Synopsis.AST.Macro" file="Parsers/Cpp/input/../include/header.hh" language="C++" line="3" name="_header_hh" text="" type="macro"/>
  <instance accessibility="0" class="Synopsis.AST.Macro" file="Parsers/Cpp/input/../include/header2.hh" language="C++" line="3" name="_header2_hh" text="" type="macro"/>
 </declarations>
 <types>
  <instance class="Synopsis.Type.Declared" language="C++" name="_header2_hh">
   <declaration/>
  </instance>
  <instance class="Synopsis.Type.Declared" language="C++" name="_header_hh">
   <declaration/>
  </instance>
 </types>
 <files>
  <instance class="Synopsis.AST.SourceFile" filename="Parsers/Cpp/include/header.hh" is_main="0" language="C++">
   <includes>
    <instance class="Synopsis.AST.Include" is_macro="0" is_next="0">
     <target>
      <instance class="Synopsis.AST.SourceFile" filename="Parsers/Cpp/include/header2.hh" is_main="0" language="C++">
       <macro_calls/>
      </instance>
     </target>
    </instance>
   </includes>
   <macro_calls/>
  </instance>
  <instance class="Synopsis.AST.SourceFile" filename="Parsers/Cpp/input/include.cc" is_main="1" language="C++">
   <includes>
    <instance class="Synopsis.AST.Include" is_macro="0" is_next="0">
     <target/>
    </instance>
   </includes>
   <macro_calls/>
  </instance>
  <instance class="Synopsis.AST.SourceFile" filename="Parsers/Cpp/input/../include/header.hh" is_main="1" language="C++">
   <macro_calls/>
  </instance>
  <instance class="Synopsis.AST.SourceFile" filename="Parsers/Cpp/input/../include/header2.hh" is_main="1" language="C++">
   <macro_calls/>
  </instance>
 </files>
</ast>
