<?xml version='1.0' encoding='ISO-8859-1'?>
<ast>
 <declarations/>
 <types/>
 <files>
  <file>
   Parsers/Cpp/input/simple.cc
  </file>
 </files>
</ast>
