Synopsis.AST.Declaration
file='Synopsis.AST.SourceFile'
line='2'
language='C--'
type='foo'
name='['bar']'
comments='[]'
Synopsis.AST.Builtin
Synopsis.AST.Macro
Synopsis.AST.Forward
Synopsis.AST.Module
Synopsis.AST.Class
Synopsis.AST.Typedef
