created source file filename /long/filename 1
<type 'dict'>
