292    : "int"
258    : "i"
 59 ';': ";"
303    : "struct"
258    : "foo"
123 '{': "{"
286    : "double"
258    : "bar"
 59 ';': ";"
125 '}': "}"
 59 ';': ";"
